../Core/Src/main.c:113:5:main	48	static
../Core/Src/main.c:274:6:SystemClock_Config	120	static
../Core/Src/main.c:331:6:RateLimiter	40	static
../Core/Src/main.c:403:6:HAL_TIM_PeriodElapsedCallback	24	static
../Core/Src/main.c:472:6:MotorForward	8	static
../Core/Src/main.c:477:6:MotorBackward	8	static
../Core/Src/main.c:482:6:MotorStop	8	static
../Core/Src/main.c:488:6:MotorSetSpeedPercent	24	static
../Core/Src/main.c:536:6:MPU_Config	24	static
../Core/Src/main.c:568:6:BSP_PB_Callback	16	static
../Core/Src/main.c:580:6:Error_Handler	4	static,ignoring_inline_asm
