../Core/Src/main.c:161:5:main	7
../Core/Src/main.c:280:6:SystemClock_Config	4
../Core/Src/main.c:337:6:Home	2
../Core/Src/main.c:361:6:RateLimiter	24
../Core/Src/main.c:432:6:HAL_TIM_PeriodElapsedCallback	8
../Core/Src/main.c:522:6:MotorForward	1
../Core/Src/main.c:527:6:MotorBackward	1
../Core/Src/main.c:532:6:MotorStop	1
../Core/Src/main.c:537:6:MotorSetSpeedPercent	2
../Core/Src/main.c:543:6:SolenoidPress	2
../Core/Src/main.c:580:6:MPU_Config	1
../Core/Src/main.c:612:6:BSP_PB_Callback	2
../Core/Src/main.c:624:6:Error_Handler	1
