../Core/Src/main.c:113:5:main	48	static
../Core/Src/main.c:243:6:SystemClock_Config	120	static
../Core/Src/main.c:300:6:Home	8	static
../Core/Src/main.c:321:6:RateLimiter	40	static
../Core/Src/main.c:393:6:HAL_TIM_PeriodElapsedCallback	24	static
../Core/Src/main.c:470:6:MotorForward	8	static
../Core/Src/main.c:475:6:MotorBackward	8	static
../Core/Src/main.c:480:6:MotorStop	8	static
../Core/Src/main.c:485:6:MotorSetSpeedPercent	24	static
../Core/Src/main.c:495:6:MPU_Config	24	static
../Core/Src/main.c:527:6:BSP_PB_Callback	16	static
../Core/Src/main.c:539:6:Error_Handler	4	static,ignoring_inline_asm
